/*===TOKENS===*/
IDENTIFIER               <x>
'.'                      <.>
'.'                      <.>
IDENTIFIER               <y>
'='                      <=>
INTEGER_LITERAL          <1>
';'                      <;>
/*===TREE===*/
(scriptBlock
  (element
    (statement
      (assignmentExpression
        (startExpression
          (baseExpression
            (unaryExpression (memberExpression (identifier x) . . (identifier y)))
          )
        )
        =
        (startExpression
          (baseExpression (unaryExpression (primaryExpression (literalExpression 1))))
        )
      )
      (endOfStatement ;)
    )
  )
)
/*======*/
/*===DECOMPILE===*/
x.y = 1
/*======*/