/*===TOKENS===*/
COMPONENT                <component>
'{'                      <{>
FUNCTION                 <function>
IDENTIFIER               <foo>
'('                      <(>
')'                      <)>
'{'                      <{>
VAR                      <var>
IDENTIFIER               <foo>
'='                      <=>
FUNCTION                 <function>
'('                      <(>
REQUIRED                 <required>
STRING                   <string>
IDENTIFIER               <baz>
')'                      <)>
'{'                      <{>
RETURN                   <return>
STRING_LITERAL           <"bar!">
';'                      <;>
'}'                      <}>
';'                      <;>
'}'                      <}>
'}'                      <}>
/*===TREE===*/
(scriptBlock
  (componentDeclaration
    component
    (componentGuts
      {
      (element
        (functionDeclaration
          function
          (identifier foo)
          (
          parameterList
          )
          (compoundStatement
            {
            (statement
              (localAssignmentExpression
                var
                (identifier foo)
                =
                (startExpression
                  (compareExpression
                    (baseExpression
                      (anonymousFunctionDeclaration
                        function
                        (
                        (parameterList
                          (parameter required (parameterType (typeSpec (type string))) (identifier baz))
                        )
                        )
                        (compoundStatement
                          {
                          (statement
                            (returnStatement
                              return
                              (startExpression
                                (compareExpression
                                  (baseExpression
                                    (unaryExpression (primaryExpression (literalExpression "bar!")))
                                  )
                                )
                              )
                              ;
                            )
                          )
                          }
                        )
                      )
                    )
                  )
                )
              )
              ;
            )
            }
          )
        )
      )
      }
    )
  )
)
/*======*/