/*===TOKENS===*/
Hidden:ML_COMMENT               </**
* @author 
*/>
Hidden:NEWLINE                  <>
COMPONENT                <component>
IDENTIFIER               <accessors>
'='                      <=>
OPEN_STRING              <">
STRING_LITERAL           <true>
CLOSE_STRING             <">
'{'                      <{>
Hidden:NEWLINE                  <>
Hidden:NEWLINE                  <>
Hidden:LINE_COMMENT             <// The first name of the User>
PROPERTY                 <property>
STRING                   <string>
IDENTIFIER               <firstName>
';'                      <;>
Hidden:NEWLINE                  <>
PROPERTY                 <property>
STRING                   <string>
IDENTIFIER               <middleName>
';'                      <;>
Hidden:NEWLINE                  <>
PROPERTY                 <property>
IDENTIFIER               <lastName>
';'                      <;>
Hidden:NEWLINE                  <>
'}'                      <}>
/*===TREE===*/
(scriptBlock
  (componentDeclaration
    component
    (componentAttribute
      (identifier accessors)
      =
      (startExpression
        (compareExpression
          (baseExpression
            (unaryExpression
              (primaryExpression
                (literalExpression (stringLiteral " (stringLiteralPart true) "))
              )
            )
          )
        )
      )
    )
    (componentGuts
      {
      (element
        (statement
          (tagOperatorStatement
            (propertyStatement
              property
              (typeSpec (type string))
              (multipartIdentifier (identifier firstName))
              ;
            )
          )
        )
      )
      (element
        (statement
          (tagOperatorStatement
            (propertyStatement
              property
              (typeSpec (type string))
              (multipartIdentifier (identifier middleName))
              ;
            )
          )
        )
      )
      (element
        (statement
          (tagOperatorStatement
            (propertyStatement property (multipartIdentifier (identifier lastName)) ;)
          )
        )
      )
      }
    )
  )
)
/*======*/
/*===DECOMPILE===*/
component accessors='true' {
  {
property string firstName;
property string middleName;
property lastName;

  }
}
/*======*/