/*===TOKENS===*/
COMPONENT                <component>
IDENTIFIER               <accessors>
'='                      <=>
OPEN_STRING              <">
STRING_LITERAL           <true>
CLOSE_STRING             <">
'{'                      <{>
PROPERTY                 <property>
IDENTIFIER               <obj>
'.'                      <.>
IDENTIFIER               <infrastructure>
'.'                      <.>
CONTENT                  <content>
'.'                      <.>
IDENTIFIER               <NewsRepository>
IDENTIFIER               <newsRepository>
';'                      <;>
'}'                      <}>
/*===TREE===*/
(scriptBlock
  (componentDeclaration
    component
    (componentAttribute
      (identifier accessors)
      =
      (startExpression
        (compareExpression
          (baseExpression
            (unaryExpression
              (primaryExpression
                (literalExpression (stringLiteral " (stringLiteralPart true) "))
              )
            )
          )
        )
      )
    )
    (componentGuts
      {
      (element
        (statement
          (tagOperatorStatement
            (propertyStatement
              property
              (typeSpec
                (multipartIdentifier
                  (identifier obj)
                  .
                  (identifierOrReservedWord (identifier infrastructure))
                  .
                  (identifierOrReservedWord (identifier (cfmlFunction content)))
                  .
                  (identifierOrReservedWord (identifier NewsRepository))
                )
              )
              (identifier newsRepository)
              ;
            )
          )
        )
      )
      }
    )
  )
)
/*======*/
/*===DECOMPILE===*/
component accessors='true' {
property obj.infrastructure.content.NewsRepository newsRepository
}
/*======*/