/*===TOKENS===*/
COMPONENT                <component>
'{'                      <{>
Hidden:NEWLINE                  <>
FUNCTION                 <function>
IDENTIFIER               <processLogin>
'('                      <(>
')'                      <)>
'{'                      <{>
Hidden:NEWLINE                  <>
IDENTIFIER               <p>
'='                      <=>
OPEN_STRING              <'>
CLOSE_STRING             <'>
';'                      <;>
Hidden:NEWLINE                  <>
LOCATION                 <location>
'('                      <(>
IDENTIFIER               <x>
'='                      <=>
BOOLEAN_LITERAL          <true>
','                      <,>
IDENTIFIER               <y>
'='                      <=>
BOOLEAN_LITERAL          <false>
')'                      <)>
';'                      <;>
Hidden:NEWLINE                  <>
'}'                      <}>
Hidden:NEWLINE                  <>
'}'                      <}>
/*===TREE===*/
(scriptBlock
  (componentDeclaration
    component
    (componentGuts
      {
      (element
        (functionDeclaration
          function
          (identifier processLogin)
          (
          parameterList
          )
          (compoundStatement
            {
            (statement
              (assignmentExpression
                (startExpression
                  (baseExpression (unaryExpression (memberExpression (identifier p))))
                )
                =
                (startExpression
                  (baseExpression
                    (unaryExpression (primaryExpression (literalExpression (stringLiteral ' '))))
                  )
                )
              )
              (endOfStatement ;)
            )
            (statement
              (tagOperatorStatement
                (tagFunctionStatement
                  (cfmlFunction location)
                  (
                  (parameterList
                    (parameter
                      (identifier x)
                      =
                      (startExpression
                        (baseExpression (unaryExpression (primaryExpression (literalExpression true))))
                      )
                    )
                    ,
                    (parameter
                      (identifier y)
                      =
                      (startExpression
                        (baseExpression
                          (unaryExpression (primaryExpression (literalExpression false)))
                        )
                      )
                    )
                  )
                  )
                  ;
                )
              )
            )
            }
          )
        )
      )
      }
    )
  )
)
/*======*/
/*===DECOMPILE===*/
component {
  public function processLogin()     {
p = '';
location(x = true, y = false);

    }
}
/*======*/