START:cfsavecontent
  =========TAG=================
  <cfsavecontent/>
END:cfsavecontent
START:cfcontent
  =========TAG=================
  <cfcontent/>
END:cfcontent
