/*===TOKENS===*/
IF                       <if>
'('                      <(>
IDENTIFIER               <Now>
'('                      <(>
')'                      <)>
GT                       <gt>
IDENTIFIER               <dateadd>
'('                      <(>
OPEN_STRING              <">
STRING_LITERAL           <d>
CLOSE_STRING             <">
','                      <,>
'-'                      <->
IDENTIFIER               <val>
'('                      <(>
IDENTIFIER               <iDiff>
')'                      <)>
','                      <,>
IDENTIFIER               <startDate>
')'                      <)>
')'                      <)>
'{'                      <{>
Hidden:NEWLINE                  <>
'}'                      <}>
/*===TREE===*/
(scriptBlock
  (element
    (statement
      (ifStatement
        if
        (condition
          (
          (baseExpression
            (baseExpression
              (unaryExpression
                (memberExpression (functionCall (identifier Now) ( argumentList )))
              )
            )
            (compareExpressionOperator gt)
            (baseExpression
              (unaryExpression
                (memberExpression
                  (functionCall
                    (identifier dateadd)
                    (
                    (argumentList
                      (argument
                        (startExpression
                          (baseExpression
                            (unaryExpression
                              (primaryExpression
                                (literalExpression (stringLiteral " (stringLiteralPart d) "))
                              )
                            )
                          )
                        )
                      )
                      ,
                      (argument
                        (startExpression
                          (baseExpression
                            -
                            (baseExpression
                              (unaryExpression
                                (memberExpression
                                  (functionCall
                                    (identifier val)
                                    (
                                    (argumentList
                                      (argument
                                        (startExpression
                                          (baseExpression (unaryExpression (memberExpression (identifier iDiff))))
                                        )
                                      )
                                    )
                                    )
                                  )
                                )
                              )
                            )
                          )
                        )
                      )
                      ,
                      (argument
                        (startExpression
                          (baseExpression (unaryExpression (memberExpression (identifier startDate))))
                        )
                      )
                    )
                    )
                  )
                )
              )
            )
          )
          )
        )
        (statement (compoundStatement { }))
      )
    )
  )
)
/*======*/
/*===DECOMPILE===*/
if(Now() gt dateadd('d', -val(iDiff), startDate) )   {

  }
/*======*/