/*===TOKENS===*/
IDENTIFIER               <filename>
'='                      <=>
OPEN_STRING              <">
'#'                      <#>
IDENTIFIER               <dateformat>
'('                      <(>
IDENTIFIER               <Now>
'('                      <(>
')'                      <)>
','                      <,>
OPEN_STRING              <">
STRING_LITERAL           <YY_MM_DD>
CLOSE_STRING             <">
')'                      <)>
'#'                      <#>
STRING_LITERAL           <_>
'#'                      <#>
IDENTIFIER               <TimeFormat>
'('                      <(>
IDENTIFIER               <Now>
'('                      <(>
')'                      <)>
','                      <,>
OPEN_STRING              <">
STRING_LITERAL           <HH_mm>
CLOSE_STRING             <">
')'                      <)>
'#'                      <#>
STRING_LITERAL           <_Company.xls>
CLOSE_STRING             <">
';'                      <;>
/*===TREE===*/
(scriptBlock
  (element
    (statement
      (assignmentExpression
        (startExpression
          (compareExpression
            (baseExpression (unaryExpression (memberExpression (identifier filename))))
          )
        )
        =
        (startExpression
          (compareExpression
            (baseExpression
              (unaryExpression
                (primaryExpression
                  (literalExpression
                    (stringLiteral
                      "
                      #
                      (startExpression
                        (compareExpression
                          (baseExpression
                            (unaryExpression
                              (memberExpression
                                (functionCall
                                  (identifierOrReservedWord (identifier dateformat))
                                  (
                                  (argumentList
                                    (argument
                                      (startExpression
                                        (compareExpression
                                          (baseExpression
                                            (unaryExpression
                                              (memberExpression
                                                (functionCall (identifierOrReservedWord (identifier Now)) ( argumentList ))
                                              )
                                            )
                                          )
                                        )
                                      )
                                    )
                                    ,
                                    (argument
                                      (startExpression
                                        (compareExpression
                                          (baseExpression
                                            (unaryExpression
                                              (primaryExpression
                                                (literalExpression (stringLiteral " (stringLiteralPart YY_MM_DD) "))
                                              )
                                            )
                                          )
                                        )
                                      )
                                    )
                                  )
                                  )
                                )
                              )
                            )
                          )
                        )
                      )
                      #
                      (stringLiteralPart _)
                      #
                      (startExpression
                        (compareExpression
                          (baseExpression
                            (unaryExpression
                              (memberExpression
                                (functionCall
                                  (identifierOrReservedWord (identifier TimeFormat))
                                  (
                                  (argumentList
                                    (argument
                                      (startExpression
                                        (compareExpression
                                          (baseExpression
                                            (unaryExpression
                                              (memberExpression
                                                (functionCall (identifierOrReservedWord (identifier Now)) ( argumentList ))
                                              )
                                            )
                                          )
                                        )
                                      )
                                    )
                                    ,
                                    (argument
                                      (startExpression
                                        (compareExpression
                                          (baseExpression
                                            (unaryExpression
                                              (primaryExpression
                                                (literalExpression (stringLiteral " (stringLiteralPart HH_mm) "))
                                              )
                                            )
                                          )
                                        )
                                      )
                                    )
                                  )
                                  )
                                )
                              )
                            )
                          )
                        )
                      )
                      #
                      (stringLiteralPart _Company.xls)
                      "
                    )
                  )
                )
              )
            )
          )
        )
      )
      ;
    )
  )
)
/*======*/