/*===TOKENS===*/
COMPONENT                <component>
'{'                      <{>
Hidden:NEWLINE                  <>
FUNCTION                 <function>
IDENTIFIER               <name>
'('                      <(>
')'                      <)>
'{'                      <{>
Hidden:NEWLINE                  <>
VAR                      <var>
IDENTIFIER               <sql>
'='                      <=>
OPEN_STRING              <">
STRING_LITERAL           <INSERT INTO thingTbl(
      thingId,
      name) VALUES (
      :thingId,
      :name>
CLOSE_STRING             <">
';'                      <;>
Hidden:NEWLINE                  <>
'}'                      <}>
Hidden:NEWLINE                  <>
'}'                      <}>
/*===TREE===*/
(scriptBlock
  (componentDeclaration
    component
    (componentGuts
      {
      (element
        (functionDeclaration
          function
          (identifier name)
          (
          parameterList
          )
          (compoundStatement
            {
            (statement
              (localAssignmentExpression
                var
                (startExpression
                  (baseExpression (unaryExpression (memberExpression (identifier sql))))
                )
                =
                (startExpression
                  (baseExpression
                    (unaryExpression
                      (primaryExpression
                        (literalExpression
                          (stringLiteral
                            "
                            (stringLiteralPart
                              INSERT INTO thingTbl(\r\n      thingId,\r\n      name) VALUES (\r\n      :thingId,\r\n      :name
                            )
                            "
                          )
                        )
                      )
                    )
                  )
                )
              )
              (endOfStatement ;)
            )
            }
          )
        )
      )
      }
    )
  )
)
/*======*/
/*===DECOMPILE===*/
component {
  public function name()     {
      var sql = 'INSERT INTO thingTbl(
      thingId,
      name) VALUES (
      :thingId,
      :name';

    }
}
/*======*/