/*===TOKENS===*/
IDENTIFIER               <filename>
'='                      <=>
OPEN_STRING              <">
STRING_LITERAL           <test>
CLOSE_STRING             <">
';'                      <;>
Hidden:NEWLINE                  <>
/*===TREE===*/
(scriptBlock
  (element
    (statement
      (assignmentExpression
        (startExpression
          (compareExpression
            (baseExpression (unaryExpression (memberExpression (identifier filename))))
          )
        )
        =
        (startExpression
          (compareExpression
            (baseExpression
              (unaryExpression
                (primaryExpression
                  (literalExpression (stringLiteral " (stringLiteralPart test) "))
                )
              )
            )
          )
        )
      )
      ;
    )
  )
)
/*======*/
/*===DECOMPILE===*/
filename = 'test'
/*======*/