/*===TOKENS===*/
INTEGER_LITERAL          <7>
'\'                      <\>
INTEGER_LITERAL          <1>
'*'                      <*>
'+'                      <+>
IDENTIFIER               <x>
'^'                      <^>
INTEGER_LITERAL          <4>
';'                      <;>
/*===TREE===*/
(scriptBlock
  (element
    (statement
      (startExpression
        (baseExpression
          (baseExpression (unaryExpression (primaryExpression (literalExpression 7))))
          \
          (baseExpression
            (baseExpression (unaryExpression (primaryExpression (literalExpression 1))))
            *
            (baseExpression
              (baseExpression
                +
                (baseExpression (unaryExpression (memberExpression (identifier x))))
              )
              ^
              (baseExpression (unaryExpression (primaryExpression (literalExpression 4))))
            )
          )
        )
      )
      ;
    )
  )
)
/*======*/
/*===DECOMPILE===*/
7 \ 1 * +x ^ 4
/*======*/