/*===TOKENS===*/
'+'                      <+>
IDENTIFIER               <x>
'^'                      <^>
INTEGER_LITERAL          <4>
'*'                      <*>
INTEGER_LITERAL          <1>
'\'                      <\>
INTEGER_LITERAL          <7>
';'                      <;>
/*===TREE===*/
(scriptBlock
  (element
    (statement
      (startExpression
        (baseExpression
          (baseExpression
            (baseExpression
              (baseExpression
                +
                (baseExpression (unaryExpression (memberExpression (identifier x))))
              )
              ^
              (baseExpression (unaryExpression (primaryExpression (literalExpression 4))))
            )
            *
            (baseExpression (unaryExpression (primaryExpression (literalExpression 1))))
          )
          \
          (baseExpression (unaryExpression (primaryExpression (literalExpression 7))))
        )
      )
      ;
    )
  )
)
/*======*/
/*===DECOMPILE===*/
+x ^ 4 * 1 \ 7
/*======*/