/*===TOKENS===*/
LINE_COMMENT             <// cfm file based custom tags
>
IDENTIFIER               <Cf_happybirthday>
'('                      <(>
IDENTIFIER               <name>
'='                      <=>
OPEN_STRING              <">
STRING_LITERAL           <john>
CLOSE_STRING             <">
','                      <,>
IDENTIFIER               <birthdate>
'='                      <=>
OPEN_STRING              <">
STRING_LITERAL           <December 5, 1987>
CLOSE_STRING             <">
')'                      <)>
';'                      <;>
/*===TREE===*/
(scriptBlock
  (element
    (statement
      (startExpression
        (compareExpression
          (baseExpression
            (unaryExpression
              (memberExpression
                (functionCall
                  (identifierOrReservedWord (identifier Cf_happybirthday))
                  (
                  (argumentList
                    (argument
                      (identifier name)
                      =
                      (startExpression
                        (compareExpression
                          (baseExpression
                            (unaryExpression
                              (primaryExpression (literalExpression (stringLiteral " john ")))
                            )
                          )
                        )
                      )
                    )
                    ,
                    (argument
                      (identifier birthdate)
                      =
                      (startExpression
                        (compareExpression
                          (baseExpression
                            (unaryExpression
                              (primaryExpression (literalExpression (stringLiteral " December 5, 1987 ")))
                            )
                          )
                        )
                      )
                    )
                  )
                  )
                )
              )
            )
          )
        )
      )
      ;
    )
  )
  (endOfScriptBlock <EOF>)
)
/*======*/