/*===TOKENS===*/
IDENTIFIER               <cfhttp>
'('                      <(>
IDENTIFIER               <url>
'='                      <=>
OPEN_STRING              <">
STRING_LITERAL           <www.google.com>
CLOSE_STRING             <">
','                      <,>
IDENTIFIER               <method>
'='                      <=>
OPEN_STRING              <">
STRING_LITERAL           <GET>
CLOSE_STRING             <">
')'                      <)>
';'                      <;>
IDENTIFIER               <Cfhttp>
'('                      <(>
IDENTIFIER               <URL>
'='                      <=>
HTTP                     <http://>
'#'                      <#>
IDENTIFIER               <CGI>
'.'                      <.>
IDENTIFIER               <SERVER_NAME>
'#'                      <#>
'.'                      <.>
'.'                      <.>
'.'                      <.>
'/'                      </>
IDENTIFIER               <target>
'.'                      <.>
IDENTIFIER               <cfm>
','                      <,>
IDENTIFIER               <method>
'='                      <=>
OPEN_STRING              <">
STRING_LITERAL           <GET>
CLOSE_STRING             <">
')'                      <)>
'{'                      <{>
IDENTIFIER               <cfhttpparam>
'('                      <(>
IDENTIFIER               <type>
'='                      <=>
OPEN_STRING              <">
STRING_LITERAL           <url>
CLOSE_STRING             <">
','                      <,>
IDENTIFIER               <name>
'='                      <=>
OPEN_STRING              <'>
STRING_LITERAL           <emp_name>
CLOSE_STRING             <'>
','                      <,>
IDENTIFIER               <value>
'='                      <=>
OPEN_STRING              <">
STRING_LITERAL           <Awdhesh>
CLOSE_STRING             <">
')'                      <)>
';'                      <;>
IDENTIFIER               <cfhttpparam>
'('                      <(>
IDENTIFIER               <type>
'='                      <=>
OPEN_STRING              <">
STRING_LITERAL           <header>
CLOSE_STRING             <">
','                      <,>
IDENTIFIER               <name>
'='                      <=>
OPEN_STRING              <'>
STRING_LITERAL           <myheader>
CLOSE_STRING             <'>
','                      <,>
IDENTIFIER               <value>
'='                      <=>
OPEN_STRING              <">
STRING_LITERAL           <My custom header>
CLOSE_STRING             <">
')'                      <)>
';'                      <;>
'}'                      <}>
IDENTIFIER               <Writeoutput>
'('                      <(>
IDENTIFIER               <cfhttp>
'.'                      <.>
IDENTIFIER               <filecontent>
')'                      <)>
';'                      <;>
/*===TREE===*/
(scriptBlock
  (element
    (statement
      (startExpression
        (compareExpression
          (baseExpression
            (unaryExpression
              (memberExpression
                (functionCall
                  (identifierOrReservedWord (identifier cfhttp))
                  (
                  (argumentList
                    (argument
                      (identifier url)
                      =
                      (startExpression
                        (compareExpression
                          (baseExpression
                            (unaryExpression
                              (primaryExpression (literalExpression (stringLiteral " www.google.com ")))
                            )
                          )
                        )
                      )
                    )
                    ,
                    (argument
                      (identifier method)
                      =
                      (startExpression
                        (compareExpression
                          (baseExpression
                            (unaryExpression
                              (primaryExpression (literalExpression (stringLiteral " GET ")))
                            )
                          )
                        )
                      )
                    )
                  )
                  )
                )
              )
            )
          )
        )
      )
      ;
    )
  )
  (element statement)
  (element (statement Cfhttp))
  (element (statement ())
  (element
    (statement
      (assignmentExpression
        (startExpression
          (compareExpression
            (baseExpression (unaryExpression (memberExpression (identifier URL))))
          )
        )
        =
        (startExpression
          (compareExpression
            (baseExpression
              (unaryExpression (memberExpression (identifier (cfmlFunction http://))))
            )
          )
        )
      )
      <missing ';'>
    )
  )
  (element statement)
  (element (statement #))
  element
  (element CGI)
  (element (statement .))
  (element SERVER_NAME)
  (element (statement #))
  (element (statement .))
  (element (statement .))
  (element (statement . /))
  element
  (element target)
  (element (statement .))
  (element cfm ,)
  (element
    (statement
      (assignmentExpression
        (startExpression
          (compareExpression
            (baseExpression (unaryExpression (memberExpression (identifier method))))
          )
        )
        =
        (startExpression
          (compareExpression
            (baseExpression
              (unaryExpression
                (primaryExpression (literalExpression (stringLiteral " GET ")))
                )
              )
            )
          )
        )
      )
      <missing ';'>
    )
  )
  (element
    (statement
      (compoundStatement
        {
        (statement
          (startExpression
            (compareExpression
              (baseExpression
                (unaryExpression
                  (memberExpression
                    (functionCall
                      (identifierOrReservedWord (identifier cfhttpparam))
                      (
                      (argumentList
                        (argument
                          (identifier type)
                          =
                          (startExpression
                            (compareExpression
                              (baseExpression
                                (unaryExpression
                                  (primaryExpression (literalExpression (stringLiteral " url ")))
                                )
                              )
                            )
                          )
                        )
                        ,
                        (argument
                          (identifier name)
                          =
                          (startExpression
                            (compareExpression
                              (baseExpression
                                (unaryExpression
                                  (primaryExpression (literalExpression (stringLiteral ' emp_name ')))
                                )
                              )
                            )
                          )
                        )
                        ,
                        (argument
                          (identifier value)
                          =
                          (startExpression
                            (compareExpression
                              (baseExpression
                                (unaryExpression
                                  (primaryExpression (literalExpression (stringLiteral " Awdhesh ")))
                                )
                              )
                            )
                          )
                        )
                      )
                      )
                    )
                  )
                )
              )
            )
          )
          ;
        )
        (statement
          (startExpression
            (compareExpression
              (baseExpression
                (unaryExpression
                  (memberExpression
                    (functionCall
                      (identifierOrReservedWord (identifier cfhttpparam))
                      (
                      (argumentList
                        (argument
                          (identifier type)
                          =
                          (startExpression
                            (compareExpression
                              (baseExpression
                                (unaryExpression
                                  (primaryExpression (literalExpression (stringLiteral " header ")))
                                )
                              )
                            )
                          )
                        )
                        ,
                        (argument
                          (identifier name)
                          =
                          (startExpression
                            (compareExpression
                              (baseExpression
                                (unaryExpression
                                  (primaryExpression (literalExpression (stringLiteral ' myheader ')))
                                )
                              )
                            )
                          )
                        )
                        ,
                        (argument
                          (identifier value)
                          =
                          (startExpression
                            (compareExpression
                              (baseExpression
                                (unaryExpression
                                  (primaryExpression (literalExpression (stringLiteral " My custom header ")))
                                )
                              )
                            )
                          )
                        )
                      )
                      )
                    )
                  )
                )
              )
            )
          )
          ;
        )
        }
      )
    )
  )
  (element
    (statement
      (startExpression
        (compareExpression
          (baseExpression
            (unaryExpression
              (memberExpression
                (functionCall
                  (identifierOrReservedWord (identifier Writeoutput))
                  (
                  (argumentList
                    (argument
                      (startExpression
                        (compareExpression
                          (baseExpression
                            (unaryExpression
                              (memberExpression (identifier cfhttp) . (identifier filecontent))
                            )
                          )
                        )
                      )
                    )
                  )
                  )
                )
              )
            )
          )
        )
      )
      ;
    )
  )
  (endOfScriptBlock <EOF>)
)
/*======*/