/*===TOKENS===*/
FUNCTION                 <function>
IDENTIFIER               <setStatus>
'('                      <(>
IDENTIFIER               <rc>
')'                      <)>
IDENTIFIER               <my>
':'                      <:>
IDENTIFIER               <role>
'='                      <=>
OPEN_STRING              <">
STRING_LITERAL           <support:admin>
CLOSE_STRING             <">
'{'                      <{>
'}'                      <}>
Hidden:NEWLINE                  <>
FUNCTION                 <function>
IDENTIFIER               <setStatus2>
'('                      <(>
IDENTIFIER               <rc>
')'                      <)>
IDENTIFIER               <role>
'='                      <=>
OPEN_STRING              <">
STRING_LITERAL           <support:admin>
CLOSE_STRING             <">
'{'                      <{>
'}'                      <}>
Hidden:NEWLINE                  <>
FUNCTION                 <function>
IDENTIFIER               <setStatus2>
'('                      <(>
IDENTIFIER               <rc>
')'                      <)>
IDENTIFIER               <role>
'{'                      <{>
'}'                      <}>
Hidden:NEWLINE                  <>
FUNCTION                 <function>
IDENTIFIER               <setStatus2>
'('                      <(>
IDENTIFIER               <rc>
')'                      <)>
IDENTIFIER               <role>
':'                      <:>
IDENTIFIER               <support>
'{'                      <{>
'}'                      <}>
/*===TREE===*/
(scriptBlock
  (element
    (functionDeclaration
      function
      (identifier setStatus)
      (
      (parameterList (parameter (identifier rc)))
      )
      (functionAttribute
        (identifierWithColon (identifier my) : (identifier role))
        =
        (constantExpression (stringLiteral " (stringLiteralPart support:admin) "))
      )
      (compoundStatement { })
    )
  )
  (element
    (functionDeclaration
      function
      (identifier setStatus2)
      (
      (parameterList (parameter (identifier rc)))
      )
      (functionAttribute
        (identifier role)
        =
        (constantExpression (stringLiteral " (stringLiteralPart support:admin) "))
      )
      (compoundStatement { })
    )
  )
  (element
    (functionDeclaration
      function
      (identifier setStatus2)
      (
      (parameterList (parameter (identifier rc)))
      )
      (functionAttribute (identifier role))
      (compoundStatement { })
    )
  )
  (element
    (functionDeclaration
      function
      (identifier setStatus2)
      (
      (parameterList (parameter (identifier rc)))
      )
      (functionAttribute (identifier role) : (identifier support))
      (compoundStatement { })
    )
  )
)
/*======*/
/*===DECOMPILE===*/
{
  public function setStatus2(rc) role='support:admin'    {

    };
  public function setStatus(rc) my:role='support:admin'    {

    };
  public function setStatus2(rc) role    {

    };
  public function setStatus2(rc) role=support    {

    };

}
/*======*/