/*===TOKENS===*/
IMPORT                   <import>
IDENTIFIER               <my>
'.'                      <.>
IDENTIFIER               <path>
'.'                      <.>
IDENTIFIER               <SomeComponent>
';'                      <;>
Hidden:NEWLINE                  <>
Hidden:ML_COMMENT               </**
* Hello world.
*/>
Hidden:NEWLINE                  <>
COMPONENT                <component>
IDENTIFIER               <extends>
'='                      <=>
OPEN_STRING              <">
STRING_LITERAL           <my.path.BaseComponent>
CLOSE_STRING             <">
IDENTIFIER               <accessors>
'='                      <=>
OPEN_STRING              <">
STRING_LITERAL           <true>
CLOSE_STRING             <">
Hidden:NEWLINE                  <>
'{'                      <{>
Hidden:NEWLINE                  <>
'}'                      <}>
/*===TREE===*/
(scriptBlock
  (importStatement
    import
    (componentPath
      (multipartIdentifier
        (identifier my)
        .
        (identifierOrReservedWord (identifier path))
        .
        (identifierOrReservedWord (identifier SomeComponent))
      )
    )
    (endOfStatement ;)
  )
  (componentDeclaration
    component
    (componentAttribute
      (identifier extends)
      =
      (startExpression
        (compareExpression
          (baseExpression
            (unaryExpression
              (primaryExpression
                (literalExpression
                  (stringLiteral " (stringLiteralPart my.path.BaseComponent) ")
                )
              )
            )
          )
        )
      )
    )
    (componentAttribute
      (identifier accessors)
      =
      (startExpression
        (compareExpression
          (baseExpression
            (unaryExpression
              (primaryExpression
                (literalExpression (stringLiteral " (stringLiteralPart true) "))
              )
            )
          )
        )
      )
    )
    (componentGuts { })
  )
)
/*======*/
/*===DECOMPILE===*/
{
import my.path.SomeComponent;
  component extends='my.path.BaseComponent' accessors='true' {
};

}
/*======*/