/*===TOKENS===*/
IDENTIFIER               <x>
'='                      <=>
'{'                      <{>
Hidden:NEWLINE                  <>
IDENTIFIER               <name>
':'                      <:>
IDENTIFIER               <rc>
'.'                      <.>
IDENTIFIER               <ticket>
'.'                      <.>
IDENTIFIER               <getShortId>
'('                      <(>
')'                      <)>
Hidden:NEWLINE                  <>
','                      <,>
IDENTIFIER               <action>
':'                      <:>
OPEN_STRING              <'>
STRING_LITERAL           <support:tickets/view/id/>
CLOSE_STRING             <'>
'&'                      <&>
IDENTIFIER               <rc>
'.'                      <.>
IDENTIFIER               <ticket>
'.'                      <.>
IDENTIFIER               <getShortId>
'('                      <(>
')'                      <)>
Hidden:NEWLINE                  <>
'}'                      <}>
';'                      <;>
/*===TREE===*/
(scriptBlock
  (element
    (statement
      (assignmentExpression
        (startExpression
          (baseExpression (unaryExpression (memberExpression (identifier x))))
        )
        =
        (startExpression
          (baseExpression
            (unaryExpression
              (primaryExpression
                (implicitStruct
                  {
                  (implicitStructElements
                    (implicitStructExpression
                      (implicitStructKeyExpression (multipartIdentifier (identifier name)))
                      :
                      (baseExpression
                        (unaryExpression
                          (memberExpression
                            (identifier rc)
                            .
                            (identifier ticket)
                            .
                            (qualifiedFunctionCall (identifier getShortId) ( argumentList ))
                          )
                        )
                      )
                    )
                    ,
                    (implicitStructExpression
                      (implicitStructKeyExpression (multipartIdentifier (identifier action)))
                      :
                      (baseExpression
                        (baseExpression
                          (unaryExpression
                            (primaryExpression
                              (literalExpression
                                (stringLiteral ' (stringLiteralPart support:tickets/view/id/) ')
                              )
                            )
                          )
                        )
                        &
                        (baseExpression
                          (unaryExpression
                            (memberExpression
                              (identifier rc)
                              .
                              (identifier ticket)
                              .
                              (qualifiedFunctionCall (identifier getShortId) ( argumentList ))
                            )
                          )
                        )
                      )
                    )
                  )
                  }
                )
              )
            )
          )
        )
      )
      (endOfStatement ;)
    )
  )
)
/*======*/
/*===DECOMPILE===*/
x = {name:rc.ticket.getShortId(),action:'support:tickets/view/id/' & rc.ticket.getShortId()}
/*======*/